PASS Supply opens with source branch count and own-plus-identified-competitor relation
PASS Market and land-area rates remain optional advanced controls, never the initial mode
PASS Share has one explicit denominator and does not pretend relation buttons alter it
PASS Switching an own-only count view to share restores both networks and prevents hidden relation changes
PASS Known unknown-brand records remain excluded from exact identified-branch share
PASS Zero identified total is not reported as zero-percent own share
PASS Assignment or scope review preserves observed count rectangles but withholds exact percentages
PASS Withheld and missing sources never leak apparently exact counts from a stale summary
PASS Invalid duplicate or unsafe count inputs cannot certify a percentage
PASS Every rectangle area matches its observed source count and boxes do not overlap
PASS More than ten brands have an exact inspectable other group while selected own remains explicit
PASS A 1,233-company source has at most five compact rows and forty initial panel rows with explicit progressive disclosure
PASS Stable source-brand category slots survive order and subset changes
PASS All 37 identity bindings retain a reviewed hue or explicit evidence-limited fallback bound to unchanged original bytes
PASS Recognizable red, blue, cyan, green, lime, yellow, orange and teal originals use exact stable LDS hue slots
PASS Every unregistered legal company keeps its ID-derived fallback through sorting, subsetting and stale supplied slots
PASS Small label and shape ink has at least 4.5 contrast on each exact soft fill or its declared neutral backdrop in both themes
PASS Thousands separators also reach Other-group member hover counts and both-language visible totals
PASS All ten soft theme tokens and required shape cues resolve to pinned LDS categorical assets
PASS Original square logos contain without frames and hostile remote asset paths are refused
PASS Brand names and geographic captions are escaped in labels and compact hover titles
PASS Same renderer refreshes the work panel for map navigation in both languages without workspace writes
PASS Compact hover avoids a duplicate scope/header and keeps counts in one-line rows; small cells defer names to the legend
PASS Observed rectangles do not use hypothetical assignment upper bounds or the count of POI markers
{"passed":true,"checks":24}
