{
  "status": "passed",
  "scope": "bounded local VM/source checks; 200 area rows in each initialization harness, full retained native country counts and full37 identity registry; not a native viewport/backend/provider certificate",
  "checks": [
    {
      "name": "37 unique aliases bind to the unchanged 11/16/10 registry and actual positive native default-scope counts",
      "passed": true
    },
    {
      "name": "Catalog source-file SHA closure matches current retained source bytes",
      "passed": true
    },
    {
      "name": "Fresh link opens ptt with exact retained default scope and brand factor preset without writes/events",
      "passed": true
    },
    {
      "name": "Fresh link opens shell with exact retained default scope and brand factor preset without writes/events",
      "passed": true
    },
    {
      "name": "Fresh link opens bangchak with exact retained default scope and brand factor preset without writes/events",
      "passed": true
    },
    {
      "name": "Fresh link opens caltex with exact retained default scope and brand factor preset without writes/events",
      "passed": true
    },
    {
      "name": "Fresh link opens cosmo with exact retained default scope and brand factor preset without writes/events",
      "passed": true
    },
    {
      "name": "Fresh link opens pt with exact retained default scope and brand factor preset without writes/events",
      "passed": true
    },
    {
      "name": "Fresh link opens pure with exact retained default scope and brand factor preset without writes/events",
      "passed": true
    },
    {
      "name": "Fresh link opens siam-gas with exact retained default scope and brand factor preset without writes/events",
      "passed": true
    },
    {
      "name": "Fresh link opens susco with exact retained default scope and brand factor preset without writes/events",
      "passed": true
    },
    {
      "name": "Fresh link opens unique-gas with exact retained default scope and brand factor preset without writes/events",
      "passed": true
    },
    {
      "name": "Fresh link opens world-gas with exact retained default scope and brand factor preset without writes/events",
      "passed": true
    },
    {
      "name": "Fresh link opens 7-eleven with exact retained default scope and brand factor preset without writes/events",
      "passed": true
    },
    {
      "name": "Fresh link opens toogdee with exact retained default scope and brand factor preset without writes/events",
      "passed": true
    },
    {
      "name": "Fresh link opens lotus with exact retained default scope and brand factor preset without writes/events",
      "passed": true
    },
    {
      "name": "Fresh link opens cj-more with exact retained default scope and brand factor preset without writes/events",
      "passed": true
    },
    {
      "name": "Fresh link opens big-c with exact retained default scope and brand factor preset without writes/events",
      "passed": true
    },
    {
      "name": "Fresh link opens tops with exact retained default scope and brand factor preset without writes/events",
      "passed": true
    },
    {
      "name": "Fresh link opens makro with exact retained default scope and brand factor preset without writes/events",
      "passed": true
    },
    {
      "name": "Fresh link opens lawson-108 with exact retained default scope and brand factor preset without writes/events",
      "passed": true
    },
    {
      "name": "Fresh link opens villa-market with exact retained default scope and brand factor preset without writes/events",
      "passed": true
    },
    {
      "name": "Fresh link opens maxvalu with exact retained default scope and brand factor preset without writes/events",
      "passed": true
    },
    {
      "name": "Fresh link opens foodland with exact retained default scope and brand factor preset without writes/events",
      "passed": true
    },
    {
      "name": "Fresh link opens gourmet-market with exact retained default scope and brand factor preset without writes/events",
      "passed": true
    },
    {
      "name": "Fresh link opens go-wholesale with exact retained default scope and brand factor preset without writes/events",
      "passed": true
    },
    {
      "name": "Fresh link opens donki with exact retained default scope and brand factor preset without writes/events",
      "passed": true
    },
    {
      "name": "Fresh link opens rimping with exact retained default scope and brand factor preset without writes/events",
      "passed": true
    },
    {
      "name": "Fresh link opens ufm-fuji with exact retained default scope and brand factor preset without writes/events",
      "passed": true
    },
    {
      "name": "Fresh link opens muangthai-capital with exact retained default scope and brand factor preset without writes/events",
      "passed": true
    },
    {
      "name": "Fresh link opens srisawad-power-2014 with exact retained default scope and brand factor preset without writes/events",
      "passed": true
    },
    {
      "name": "Fresh link opens ngern-chaiyo with exact retained default scope and brand factor preset without writes/events",
      "passed": true
    },
    {
      "name": "Fresh link opens ngern-tid-lor with exact retained default scope and brand factor preset without writes/events",
      "passed": true
    },
    {
      "name": "Fresh link opens saksiam with exact retained default scope and brand factor preset without writes/events",
      "passed": true
    },
    {
      "name": "Fresh link opens ngern-turbo with exact retained default scope and brand factor preset without writes/events",
      "passed": true
    },
    {
      "name": "Fresh link opens heng-leasing with exact retained default scope and brand factor preset without writes/events",
      "passed": true
    },
    {
      "name": "Fresh link opens nim-leasing with exact retained default scope and brand factor preset without writes/events",
      "passed": true
    },
    {
      "name": "Fresh link opens krungsri-auto with exact retained default scope and brand factor preset without writes/events",
      "passed": true
    },
    {
      "name": "Fresh link opens uob-capital-services with exact retained default scope and brand factor preset without writes/events",
      "passed": true
    },
    {
      "name": "Percent-encoded source identities and routes resolve; unsupported routes become Opportunities",
      "passed": true
    },
    {
      "name": "Unknown/malformed/duplicated/conflicting parameters are safely rejected and never reflected in notice markup",
      "passed": true
    },
    {
      "name": "Retired/unavailable identity or mismatched source preset fails safely to an existing source brand without writes",
      "passed": true
    },
    {
      "name": "Language and safe direct routes are personal; no source data/customer state leaks into copied URL",
      "passed": true
    },
    {
      "name": "Warm different-context opening preserves previous contexts, criteria, draft, targets, form drafts, overlays and event bytes",
      "passed": true
    },
    {
      "name": "Warm legacy matching-brand criteria is retained even without a contexts entry",
      "passed": true
    },
    {
      "name": "A current link cannot overwrite subsequent explicit brand/context change or emit stale async clipboard feedback",
      "passed": true
    },
    {
      "name": "Concurrent copy operations report only the latest completed request",
      "passed": true
    },
    {
      "name": "Catalog uses shared exact LDS theme roles and explicit readable input foreground/background at narrow widths",
      "passed": true
    },
    {
      "name": "Every safe route, catalog page and runtime load order are present; no page reads workspace storage",
      "passed": true
    }
  ],
  "passed": 49,
  "failed": 0,
  "elapsedMs": 1902
}
